// Jest Snapshot v1, https://goo.gl/fbAQLP

exports[`About page snapshot unchanged renders about page 1`] = `
<div>
  <section
    class="w-full px-24 pt-14 flex justify-between"
    id="home"
  >
    <div
      class="w-[50%] pt-3"
      id="words_left"
    >
      <div>
        <p
          class="text-[#F57906]"
        >
          Why choose us?
        </p>
        <h1
          class="font-bold text-3xl leading-relaxed"
        >
          Choose Eestie Explorer To Experience Estonia
        </h1>
      </div>
      <div
        class="pr-10"
      >
        <p
          class="text-sm leading-loose pt-3"
        >
          Discover Estonia like never before with our user-friendly app that connects you to local guides and customizable tours tailored to your interests. We pride ourselves on offering a seamless booking process and expert guidance.
        </p>
      </div>
      <div
        class="pt-5"
      >
        <button
          class="text-sm bg-[#F57906] px-7 py-3 rounded-[7px] text-white font-semibold"
        >
          <a
            href="/about"
          >
            Learn more
          </a>
        </button>
      </div>
      <div
        class="pt-10 flex gap-24"
      >
        <div>
          <h1
            class="text-3xl font-medium"
          >
            2
          </h1>
          <p
            class="text-gray-500 pt-3"
          >
            Years
            <br />
            Experience
          </p>
        </div>
        <div>
          <h1
            class="text-3xl font-medium"
          >
            20+
          </h1>
          <p
            class="text-gray-500 pt-3"
          >
            Company
            <br />
            Collaborations
          </p>
        </div>
        <div>
          <h1
            class="text-3xl font-medium"
          >
            67+
          </h1>
          <p
            class="text-gray-500 pt-3"
          >
            Satisfied
            <br />
            Customers
          </p>
        </div>
      </div>
    </div>
    <div
      class="w-[35%]"
    >
      <img
        alt="snow"
        class="flex float-right rounded-3xl"
        data-nimg="1"
        decoding="async"
        height="40"
        loading="lazy"
        src="/_next/image?url=%2Fimg.jpg&w=96&q=75"
        srcset="/_next/image?url=%2Fimg.jpg&w=48&q=75 1x, /_next/image?url=%2Fimg.jpg&w=96&q=75 2x"
        style="color: transparent; box-shadow: -10px 10px 20px rgba(0, 0, 0, 0.15);"
        width="40"
      />
    </div>
  </section>
</div>
`;
